node.exe : ÔÜá 
`images.domains` is 
deprecated in favor 
of `images.remotePatt
erns`. Please update 
next.config.js to 
protect your 
application from 
malicious users.
No linha:1 
caractere:1
+ & "C:\Program Files
\nodejs/node.exe" 
"C:\Program 
Files\nodejs/node_mo 
...
+ ~~~~~~~~~~~~~~~~~~~
~~~~~~~~~~~~~~~~~~~~~
~~~~~~~~~~~~~~~~~~~~~
~~~~~~~~
    + CategoryInfo   
           : NotSpe  
  cified: (ÔÜá `im   
 ages.dom...alici    
ous users.:Strin    
g) [], RemoteExc    
eption
    + FullyQualified 
   ErrorId : Native  
  CommandError
 
ÔÜá Invalid 
next.config.js 
options detected: 
ÔÜá     Unrecognized 
key(s) in object: 
'swcMinify'
ÔÜá See more info 
here: https://nextjs.
org/docs/messages/inv
alid-next-config
Ôû▓ Next.js 16.1.1 (Turbopack)
- Environments: .env.local, .env
- Experiments (use with caution):
  ┬À serverActions

ÔÜá The "middleware" 
file convention is 
deprecated. Please 
use "proxy" instead. 
Learn more: https://n
extjs.org/docs/messag
es/middleware-to-prox
y
  Creating an optimized production build ...

> Build error 
occurred
Error: Turbopack 
build failed with 1 
errors:
./app/tasks/page.tsx:
9:1
Module not found: 
Can't resolve 
'@hello-pangea/dnd'
[0m [90m  7 |[39m 
[36mimport[39m { 
[33mBadge[39m } 
[36mfrom[39m [32m'
@/components/ui/badge
'[39m[33m;[39m
 [90m  8 |[39m 
[36mimport[39m { [
33mPlus[39m[33m,[3
9m [33mMoreVertical
[39m[33m,[39m [33m
User[39m[33m,[39m 
[33mCalendar[39m } 
[36mfrom[39m [32m'
lucide-react'[39m[3
3m;[39m
[31m[1m>[22m[39m
[90m  9 |[39m 
[36mimport[39m { [
33mDragDropContext[3
9m[33m,[39m [33mDr
oppable[39m[33m,[3
9m 
[33mDraggable[39m 
} [36mfrom[39m [32
m'@hello-pangea/dnd'
[39m[33m;[39m
 [90m    |[39m [31
m[1m^[22m[39m[31m
[1m^[22m[39m[31m
[1m^[22m[39m[31m[
1m^[22m[39m[31m[1
m^[22m[39m[31m[1m
^[22m[39m[31m[1m^
[22m[39m[31m[1m^
[22m[39m[31m[1m^[
22m[39m[31m[1m^[2
2m[39m[31m[1m^[22
m[39m[31m[1m^[22m
[39m[31m[1m^[22m
[39m[31m[1m^[22m[
39m[31m[1m^[22m[3
9m[31m[1m^[22m[39
m[31m[1m^[22m[39m
[31m[1m^[22m[39m
[31m[1m^[22m[39m[
31m[1m^[22m[39m[3
1m[1m^[22m[39m[31
m[1m^[22m[39m[31m
[1m^[22m[39m[31m
[1m^[22m[39m[31m[
1m^[22m[39m[31m[1
m^[22m[39m[31m[1m
^[22m[39m[31m[1m^
[22m[39m[31m[1m^
[22m[39m[31m[1m^[
22m[39m[31m[1m^[2
2m[39m[31m[1m^[22
m[39m[31m[1m^[22m
[39m[31m[1m^[22m
[39m[31m[1m^[22m[
39m[31m[1m^[22m[3
9m[31m[1m^[22m[39
m[31m[1m^[22m[39m
[31m[1m^[22m[39m
[31m[1m^[22m[39m[
31m[1m^[22m[39m[3
1m[1m^[22m[39m[31
m[1m^[22m[39m[31m
[1m^[22m[39m[31m
[1m^[22m[39m[31m[
1m^[22m[39m[31m[1
m^[22m[39m[31m[1m
^[22m[39m[31m[1m^
[22m[39m[31m[1m^
[22m[39m[31m[1m^[
22m[39m[31m[1m^[2
2m[39m[31m[1m^[22
m[39m[31m[1m^[22m
[39m[31m[1m^[22m
[39m[31m[1m^[22m[
39m[31m[1m^[22m[3
9m[31m[1m^[22m[39
m[31m[1m^[22m[39m
[31m[1m^[22m[39m
[31m[1m^[22m[39m[
31m[1m^[22m[39m[3
1m[1m^[22m[39m[31
m[1m^[22m[39m[31m
[1m^[22m[39m[31m
[1m^[22m[39m[31m[
1m^[22m[39m[31m[1
m^[22m[39m[31m[1m
^[22m[39m[31m[1m^
[22m[39m[31m[1m^
[22m[39m[31m[1m^[
22m[39m[31m[1m^[2
2m[39m[31m[1m^[22
m[39m
 [90m 10 |[39m
 [90m 11 |[39m 
[36mexport[39m 
[36mdefault[39m 
[36mfunction[39m [
33mTasksPage[39m() {
 [90m 12 |[39m     
[36mconst[39m 
[tasks[33m,[39m 
setTasks] 
[33m=[39m useState
[33m<[39m[33many[3
9m[33m>[39m({[0m



Import traces:
  Client Component 
Browser:
    
./app/tasks/page.tsx 
[Client Component 
Browser]
    
./app/tasks/page.tsx 
[Server Component]

  Client Component 
SSR:
    
./app/tasks/page.tsx 
[Client Component 
SSR]
    
./app/tasks/page.tsx 
[Server Component]

https://nextjs.org/do
cs/messages/module-no
t-found


    at <unknown> (./a
pp/tasks/page.tsx:9:1
)
    at <unknown> (htt
ps://nextjs.org/docs/
messages/module-not-f
ound)
